
 RUN  v2.1.9 /Users/gabrielwillen/VSCode/proxyables/proxyables_typescript

[15:09:22.647] [32mINFO[39m (69399) </Users/gabrielwillen/VSCode/proxyables/proxyables_typescript/src/imported.ts:120:9>: [36msending 2686336408 instruction[39m
    module: "proxyable.imported"
    instruction: {
      "id": "01KE7ZWFJP76CQY33XX0P5SFFG",
      "kind": 2686336408,
      "data": [
        {
          "id": "01KE7ZWFJPEWY7RJ49SJY45W5R",
          "kind": 1410115415,
          "data": [
            "getShared"
          ]
        },
        {
          "id": "01KE7ZWFJP8GWMEY1YSJ072DN6",
          "kind": 616319547,
          "data": []
        }
      ]
    }
stdout | tests/ref_counting.test.ts > reference counting > should deduplicate IDs and reference count
Registry contents: [
  {
    id: '01KE7ZWFJWEM25JBEM0SFBQJGM',
    type: 'function',
    obj: [Function: bound getShared]
  },
  {
    id: '01KE7ZWFJWJYVGQ99Q61EVE68M',
    type: 'object',
    obj: { data: 'shared' }
  },
  {
    id: '01KE7ZWFJYNR2RBN5A6JETWCAN',
    type: 'function',
    obj: [Function: bound getShared]
  }
]

[15:09:22.650] [32mINFO[39m (69399) <2686336408 (/Users/gabrielwillen/VSCode/proxyables/proxyables_typescript/src/exported.ts:187:11)>: [36mexecuting instructions[39m
    module: "proxyable.exported"
    data: [
      {
        "id": "01KE7ZWFJPEWY7RJ49SJY45W5R",
        "kind": 1410115415,
        "data": [
          "getShared"
        ]
      },
      {
        "id": "01KE7ZWFJP8GWMEY1YSJ072DN6",
        "kind": 616319547,
        "data": []
      }
    ]
[15:09:22.652] [32mINFO[39m (69399) <1410115415 (/Users/gabrielwillen/VSCode/proxyables/proxyables_typescript/src/exported.ts:222:11)>: [36mgetting value[39m
    module: "proxyable.exported"
    data: [
      "getShared"
    ]
[15:09:22.652] [32mINFO[39m (69399) <createValue (/Users/gabrielwillen/VSCode/proxyables/proxyables_typescript/src/exported.ts:154:9)>: [36mcreating unproxyable value[39m
    module: "proxyable.exported"
    kind: 2664841801
    type: "function"
[15:09:22.652] [32mINFO[39m (69399) <createValue (/Users/gabrielwillen/VSCode/proxyables/proxyables_typescript/src/exported.ts:154:9)>: [36mcreating unproxyable value[39m
    module: "proxyable.exported"
    value: {
      "data": "shared"
    }
    kind: 3099987130
    type: "object"
[15:09:22.653] [32mINFO[39m (69399) <Object.eval (/Users/gabrielwillen/VSCode/proxyables/proxyables_typescript/src/exported.ts:270:11)>: [36meval result[39m
    module: "proxyable.exported"
    result: {
      "id": "01KE7ZWFJXDD3M2TYS1879MEH0",
      "kind": 2246981567,
      "data": {
        "id": "01KE7ZWFJWKJX64S47YYGZSWR1",
        "kind": 1511734349,
        "data": "01KE7ZWFJWJYVGQ99Q61EVE68M"
      }
    }
[15:09:22.653] [32mINFO[39m (69399) <Stream.<anonymous> (/Users/gabrielwillen/VSCode/proxyables/proxyables_typescript/src/exported.ts:57:11)>: [36mexecution result[39m
    module: "proxyable.exported"
    evalError: null
    evalResult: {
      "id": "01KE7ZWFJXDD3M2TYS1879MEH0",
      "kind": 2246981567,
      "data": {
        "id": "01KE7ZWFJWKJX64S47YYGZSWR1",
        "kind": 1511734349,
        "data": "01KE7ZWFJWJYVGQ99Q61EVE68M"
      }
    }
[15:09:22.653] [32mINFO[39m (69399) <Stream.<anonymous> (/Users/gabrielwillen/VSCode/proxyables/proxyables_typescript/src/exported.ts:64:11)>: [36msending results[39m
    module: "proxyable.exported"
    results: {
      "id": "01KE7ZWFJXDD3M2TYS1879MEH0",
      "kind": 2246981567,
      "data": {
        "id": "01KE7ZWFJWKJX64S47YYGZSWR1",
        "kind": 1511734349,
        "data": "01KE7ZWFJWJYVGQ99Q61EVE68M"
      }
    }
[15:09:22.653] [32mINFO[39m (69399) <Stream.<anonymous> (/Users/gabrielwillen/VSCode/proxyables/proxyables_typescript/src/imported.ts:111:11)>: [36mreceived 2246981567[39m
    module: "proxyable.imported"
    instruction: {
      "id": "01KE7ZWFJXDD3M2TYS1879MEH0",
      "kind": 2246981567,
      "data": {
        "id": "01KE7ZWFJWKJX64S47YYGZSWR1",
        "kind": 1511734349,
        "data": "01KE7ZWFJWJYVGQ99Q61EVE68M"
      }
    }
[15:09:22.653] [32mINFO[39m (69399) <unwrapResult (/Users/gabrielwillen/VSCode/proxyables/proxyables_typescript/src/imported.ts:23:11)>: [36mhydrating reference[39m
    module: "proxyable.imported"
    refId: "01KE7ZWFJWJYVGQ99Q61EVE68M"
[15:09:22.654] [32mINFO[39m (69399) </Users/gabrielwillen/VSCode/proxyables/proxyables_typescript/src/imported.ts:120:9>: [36msending 2686336408 instruction[39m
    module: "proxyable.imported"
    instruction: {
      "id": "01KE7ZWFJYACAP96MS3BPGJM9T",
      "kind": 2686336408,
      "data": [
        {
          "id": "01KE7ZWFJXB4X3N1DVG2M5MEQY",
          "kind": 1410115415,
          "data": [
            "getShared"
          ]
        },
        {
          "id": "01KE7ZWFJXZ8ZF2SVDMKGYGMMX",
          "kind": 616319547,
          "data": []
        }
      ]
    }
[15:09:22.654] [32mINFO[39m (69399) <2686336408 (/Users/gabrielwillen/VSCode/proxyables/proxyables_typescript/src/exported.ts:187:11)>: [36mexecuting instructions[39m
    module: "proxyable.exported"
    data: [
      {
        "id": "01KE7ZWFJXB4X3N1DVG2M5MEQY",
        "kind": 1410115415,
        "data": [
          "getShared"
        ]
      },
      {
        "id": "01KE7ZWFJXZ8ZF2SVDMKGYGMMX",
        "kind": 616319547,
        "data": []
      }
    ]
[15:09:22.654] [32mINFO[39m (69399) <1410115415 (/Users/gabrielwillen/VSCode/proxyables/proxyables_typescript/src/exported.ts:222:11)>: [36mgetting value[39m
    module: "proxyable.exported"
    data: [
      "getShared"
    ]
[15:09:22.654] [32mINFO[39m (69399) <createValue (/Users/gabrielwillen/VSCode/proxyables/proxyables_typescript/src/exported.ts:154:9)>: [36mcreating unproxyable value[39m
    module: "proxyable.exported"
    kind: 2664841801
    type: "function"
[15:09:22.654] [32mINFO[39m (69399) <createValue (/Users/gabrielwillen/VSCode/proxyables/proxyables_typescript/src/exported.ts:154:9)>: [36mcreating unproxyable value[39m
    module: "proxyable.exported"
    value: {
      "data": "shared"
    }
    kind: 3099987130
    type: "object"
[15:09:22.654] [32mINFO[39m (69399) <Object.eval (/Users/gabrielwillen/VSCode/proxyables/proxyables_typescript/src/exported.ts:270:11)>: [36meval result[39m
    module: "proxyable.exported"
    result: {
      "id": "01KE7ZWFJYK0FQWZCHZ4RK568C",
      "kind": 2246981567,
      "data": {
        "id": "01KE7ZWFJYKN32JKE8VN7M3FF7",
        "kind": 1511734349,
        "data": "01KE7ZWFJWJYVGQ99Q61EVE68M"
      }
    }
[15:09:22.654] [32mINFO[39m (69399) <Stream.<anonymous> (/Users/gabrielwillen/VSCode/proxyables/proxyables_typescript/src/exported.ts:57:11)>: [36mexecution result[39m
    module: "proxyable.exported"
    evalError: null
    evalResult: {
      "id": "01KE7ZWFJYK0FQWZCHZ4RK568C",
      "kind": 2246981567,
      "data": {
        "id": "01KE7ZWFJYKN32JKE8VN7M3FF7",
        "kind": 1511734349,
        "data": "01KE7ZWFJWJYVGQ99Q61EVE68M"
      }
    }
[15:09:22.654] [32mINFO[39m (69399) <Stream.<anonymous> (/Users/gabrielwillen/VSCode/proxyables/proxyables_typescript/src/exported.ts:64:11)>: [36msending results[39m
    module: "proxyable.exported"
    results: {
      "id": "01KE7ZWFJYK0FQWZCHZ4RK568C",
      "kind": 2246981567,
      "data": {
        "id": "01KE7ZWFJYKN32JKE8VN7M3FF7",
        "kind": 1511734349,
        "data": "01KE7ZWFJWJYVGQ99Q61EVE68M"
      }
    }
[15:09:22.655] [32mINFO[39m (69399) <Stream.<anonymous> (/Users/gabrielwillen/VSCode/proxyables/proxyables_typescript/src/imported.ts:111:11)>: [36mreceived 2246981567[39m
    module: "proxyable.imported"
    instruction: {
      "id": "01KE7ZWFJYK0FQWZCHZ4RK568C",
      "kind": 2246981567,
      "data": {
        "id": "01KE7ZWFJYKN32JKE8VN7M3FF7",
        "kind": 1511734349,
        "data": "01KE7ZWFJWJYVGQ99Q61EVE68M"
      }
    }
[15:09:22.655] [32mINFO[39m (69399) <unwrapResult (/Users/gabrielwillen/VSCode/proxyables/proxyables_typescript/src/imported.ts:23:11)>: [36mhydrating reference[39m
    module: "proxyable.imported"
    refId: "01KE7ZWFJWJYVGQ99Q61EVE68M"
[15:09:22.655] [32mINFO[39m (69399) </Users/gabrielwillen/VSCode/proxyables/proxyables_typescript/src/imported.ts:120:9>: [36msending 2686336408 instruction[39m
    module: "proxyable.imported"
    instruction: {
      "id": "01KE7ZWFJZYMPGWDY8KSCBK4AR",
      "kind": 2686336408,
      "data": [
        {
          "id": "01KE7ZWFJX19RS0HD22ZQ5BX7V",
          "kind": 1511734349,
          "data": "01KE7ZWFJWJYVGQ99Q61EVE68M"
        },
        {
          "id": "01KE7ZWFJZFM8XQAS2NTW3ZWRY",
          "kind": 1410115415,
          "data": [
            "data"
          ]
        }
      ]
    }
[15:09:22.655] [32mINFO[39m (69399) <2686336408 (/Users/gabrielwillen/VSCode/proxyables/proxyables_typescript/src/exported.ts:187:11)>: [36mexecuting instructions[39m
    module: "proxyable.exported"
    data: [
      {
        "id": "01KE7ZWFJX19RS0HD22ZQ5BX7V",
        "kind": 1511734349,
        "data": "01KE7ZWFJWJYVGQ99Q61EVE68M"
      },
      {
        "id": "01KE7ZWFJZFM8XQAS2NTW3ZWRY",
        "kind": 1410115415,
        "data": [
          "data"
        ]
      }
    ]
[15:09:22.655] [32mINFO[39m (69399) <1410115415 (/Users/gabrielwillen/VSCode/proxyables/proxyables_typescript/src/exported.ts:222:11)>: [36mgetting value[39m
    module: "proxyable.exported"
    data: [
      "data"
    ]
[15:09:22.655] [32mINFO[39m (69399) <createValue (/Users/gabrielwillen/VSCode/proxyables/proxyables_typescript/src/exported.ts:154:9)>: [36mcreating unproxyable value[39m
    module: "proxyable.exported"
    value: "shared"
    kind: 398550328
    type: "string"
[15:09:22.655] [32mINFO[39m (69399) <Object.eval (/Users/gabrielwillen/VSCode/proxyables/proxyables_typescript/src/exported.ts:270:11)>: [36meval result[39m
    module: "proxyable.exported"
    result: {
      "id": "01KE7ZWFJZW83DA0MWF70E893X",
      "kind": 2246981567,
      "data": {
        "id": "01KE7ZWFJZHJ887HGCV4DPDPCS",
        "kind": 398550328,
        "data": "shared"
      }
    }
[15:09:22.655] [32mINFO[39m (69399) <Stream.<anonymous> (/Users/gabrielwillen/VSCode/proxyables/proxyables_typescript/src/exported.ts:57:11)>: [36mexecution result[39m
    module: "proxyable.exported"
    evalError: null
    evalResult: {
      "id": "01KE7ZWFJZW83DA0MWF70E893X",
      "kind": 2246981567,
      "data": {
        "id": "01KE7ZWFJZHJ887HGCV4DPDPCS",
        "kind": 398550328,
        "data": "shared"
      }
    }
[15:09:22.655] [32mINFO[39m (69399) <Stream.<anonymous> (/Users/gabrielwillen/VSCode/proxyables/proxyables_typescript/src/exported.ts:64:11)>: [36msending results[39m
    module: "proxyable.exported"
    results: {
      "id": "01KE7ZWFJZW83DA0MWF70E893X",
      "kind": 2246981567,
      "data": {
        "id": "01KE7ZWFJZHJ887HGCV4DPDPCS",
        "kind": 398550328,
        "data": "shared"
      }
    }
[15:09:22.656] [32mINFO[39m (69399) <Stream.<anonymous> (/Users/gabrielwillen/VSCode/proxyables/proxyables_typescript/src/imported.ts:111:11)>: [36mreceived 2246981567[39m
    module: "proxyable.imported"
    instruction: {
      "id": "01KE7ZWFJZW83DA0MWF70E893X",
      "kind": 2246981567,
      "data": {
        "id": "01KE7ZWFJZHJ887HGCV4DPDPCS",
        "kind": 398550328,
        "data": "shared"
      }
    }
[15:09:22.656] [32mINFO[39m (69399) </Users/gabrielwillen/VSCode/proxyables/proxyables_typescript/src/imported.ts:120:9>: [36msending 2686336408 instruction[39m
    module: "proxyable.imported"
    instruction: {
      "id": "01KE7ZWFK0JBAJRYG56Y3RRMAT",
      "kind": 2686336408,
      "data": [
        {
          "id": "01KE7ZWFJZXMEGJATJ73D233BN",
          "kind": 1511734349,
          "data": "01KE7ZWFJWJYVGQ99Q61EVE68M"
        },
        {
          "id": "01KE7ZWFK0659AAX4SBMZDGJVH",
          "kind": 1410115415,
          "data": [
            "data"
          ]
        }
      ]
    }
[15:09:22.656] [32mINFO[39m (69399) <2686336408 (/Users/gabrielwillen/VSCode/proxyables/proxyables_typescript/src/exported.ts:187:11)>: [36mexecuting instructions[39m
    module: "proxyable.exported"
    data: [
      {
        "id": "01KE7ZWFJZXMEGJATJ73D233BN",
        "kind": 1511734349,
        "data": "01KE7ZWFJWJYVGQ99Q61EVE68M"
      },
      {
        "id": "01KE7ZWFK0659AAX4SBMZDGJVH",
        "kind": 1410115415,
        "data": [
          "data"
        ]
      }
    ]
[15:09:22.656] [32mINFO[39m (69399) <1410115415 (/Users/gabrielwillen/VSCode/proxyables/proxyables_typescript/src/exported.ts:222:11)>: [36mgetting value[39m
    module: "proxyable.exported"
    data: [
      "data"
    ]
[15:09:22.656] [32mINFO[39m (69399) <createValue (/Users/gabrielwillen/VSCode/proxyables/proxyables_typescript/src/exported.ts:154:9)>: [36mcreating unproxyable value[39m
    module: "proxyable.exported"
    value: "shared"
    kind: 398550328
    type: "string"
[15:09:22.657] [32mINFO[39m (69399) <Object.eval (/Users/gabrielwillen/VSCode/proxyables/proxyables_typescript/src/exported.ts:270:11)>: [36meval result[39m
    module: "proxyable.exported"
    result: {
      "id": "01KE7ZWFK02EE4A72VZ7P0JF8S",
      "kind": 2246981567,
      "data": {
        "id": "01KE7ZWFK0NSS66ANVHQK3BW3C",
        "kind": 398550328,
        "data": "shared"
      }
    }
[15:09:22.657] [32mINFO[39m (69399) <Stream.<anonymous> (/Users/gabrielwillen/VSCode/proxyables/proxyables_typescript/src/exported.ts:57:11)>: [36mexecution result[39m
    module: "proxyable.exported"
    evalError: null
    evalResult: {
      "id": "01KE7ZWFK02EE4A72VZ7P0JF8S",
      "kind": 2246981567,
      "data": {
        "id": "01KE7ZWFK0NSS66ANVHQK3BW3C",
        "kind": 398550328,
        "data": "shared"
      }
    }
[15:09:22.657] [32mINFO[39m (69399) <Stream.<anonymous> (/Users/gabrielwillen/VSCode/proxyables/proxyables_typescript/src/exported.ts:64:11)>: [36msending results[39m
    module: "proxyable.exported"
    results: {
      "id": "01KE7ZWFK02EE4A72VZ7P0JF8S",
      "kind": 2246981567,
      "data": {
        "id": "01KE7ZWFK0NSS66ANVHQK3BW3C",
        "kind": 398550328,
        "data": "shared"
      }
    }
[15:09:22.657] [32mINFO[39m (69399) <Stream.<anonymous> (/Users/gabrielwillen/VSCode/proxyables/proxyables_typescript/src/imported.ts:111:11)>: [36mreceived 2246981567[39m
    module: "proxyable.imported"
    instruction: {
      "id": "01KE7ZWFK02EE4A72VZ7P0JF8S",
      "kind": 2246981567,
      "data": {
        "id": "01KE7ZWFK0NSS66ANVHQK3BW3C",
        "kind": 398550328,
        "data": "shared"
      }
    }
[15:09:22.657] [32mINFO[39m (69399) </Users/gabrielwillen/VSCode/proxyables/proxyables_typescript/src/imported.ts:120:9>: [36msending 2686336408 instruction[39m
    module: "proxyable.imported"
    instruction: {
      "id": "01KE7ZWFK1M1DRNJZKHS2WS7Y3",
      "kind": 2686336408,
      "data": [
        {
          "id": "01KE7ZWFJX19RS0HD22ZQ5BX7V",
          "kind": 1511734349,
          "data": "01KE7ZWFJWJYVGQ99Q61EVE68M"
        },
        {
          "id": "01KE7ZWFK1JJF3B7HM3AEDFK6C",
          "kind": 1410115415,
          "data": [
            "data"
          ]
        }
      ]
    }
[15:09:22.657] [32mINFO[39m (69399) <2686336408 (/Users/gabrielwillen/VSCode/proxyables/proxyables_typescript/src/exported.ts:187:11)>: [36mexecuting instructions[39m
    module: "proxyable.exported"
    data: [
      {
        "id": "01KE7ZWFJX19RS0HD22ZQ5BX7V",
        "kind": 1511734349,
        "data": "01KE7ZWFJWJYVGQ99Q61EVE68M"
      },
      {
        "id": "01KE7ZWFK1JJF3B7HM3AEDFK6C",
        "kind": 1410115415,
        "data": [
          "data"
        ]
      }
    ]
[15:09:22.657] [32mINFO[39m (69399) <1410115415 (/Users/gabrielwillen/VSCode/proxyables/proxyables_typescript/src/exported.ts:222:11)>: [36mgetting value[39m
    module: "proxyable.exported"
    data: [
      "data"
    ]
[15:09:22.657] [32mINFO[39m (69399) <createValue (/Users/gabrielwillen/VSCode/proxyables/proxyables_typescript/src/exported.ts:154:9)>: [36mcreating unproxyable value[39m
    module: "proxyable.exported"
    value: "shared"
    kind: 398550328
    type: "string"
[15:09:22.658] [32mINFO[39m (69399) <Object.eval (/Users/gabrielwillen/VSCode/proxyables/proxyables_typescript/src/exported.ts:270:11)>: [36meval result[39m
    module: "proxyable.exported"
    result: {
      "id": "01KE7ZWFK22Q0HXYDSWJW5WJW5",
      "kind": 2246981567,
      "data": {
        "id": "01KE7ZWFK2VKTTW634W9HVK9S3",
        "kind": 398550328,
        "data": "shared"
      }
    }
[15:09:22.658] [32mINFO[39m (69399) <Stream.<anonymous> (/Users/gabrielwillen/VSCode/proxyables/proxyables_typescript/src/exported.ts:57:11)>: [36mexecution result[39m
    module: "proxyable.exported"
    evalError: null
    evalResult: {
      "id": "01KE7ZWFK22Q0HXYDSWJW5WJW5",
      "kind": 2246981567,
      "data": {
        "id": "01KE7ZWFK2VKTTW634W9HVK9S3",
        "kind": 398550328,
        "data": "shared"
      }
    }
[15:09:22.659] [32mINFO[39m (69399) <Stream.<anonymous> (/Users/gabrielwillen/VSCode/proxyables/proxyables_typescript/src/exported.ts:64:11)>: [36msending results[39m
    module: "proxyable.exported"
    results: {
      "id": "01KE7ZWFK22Q0HXYDSWJW5WJW5",
      "kind": 2246981567,
      "data": {
        "id": "01KE7ZWFK2VKTTW634W9HVK9S3",
        "kind": 398550328,
        "data": "shared"
      }
    }
[15:09:22.659] [32mINFO[39m (69399) <Stream.<anonymous> (/Users/gabrielwillen/VSCode/proxyables/proxyables_typescript/src/imported.ts:111:11)>: [36mreceived 2246981567[39m
    module: "proxyable.imported"
    instruction: {
      "id": "01KE7ZWFK22Q0HXYDSWJW5WJW5",
      "kind": 2246981567,
      "data": {
        "id": "01KE7ZWFK2VKTTW634W9HVK9S3",
        "kind": 398550328,
        "data": "shared"
      }
    }
[15:09:22.659] [32mINFO[39m (69399) </Users/gabrielwillen/VSCode/proxyables/proxyables_typescript/src/imported.ts:120:9>: [36msending 2686336408 instruction[39m
    module: "proxyable.imported"
    instruction: {
      "id": "01KE7ZWFK3S02RMTD3A0T7VAQ3",
      "kind": 2686336408,
      "data": [
        {
          "id": "01KE7ZWFJZXMEGJATJ73D233BN",
          "kind": 1511734349,
          "data": "01KE7ZWFJWJYVGQ99Q61EVE68M"
        },
        {
          "id": "01KE7ZWFK35RFQ82V91AQ7DHG3",
          "kind": 1410115415,
          "data": [
            "data"
          ]
        }
      ]
    }
[15:09:22.659] [32mINFO[39m (69399) <2686336408 (/Users/gabrielwillen/VSCode/proxyables/proxyables_typescript/src/exported.ts:187:11)>: [36mexecuting instructions[39m
    module: "proxyable.exported"
    data: [
      {
        "id": "01KE7ZWFJZXMEGJATJ73D233BN",
        "kind": 1511734349,
        "data": "01KE7ZWFJWJYVGQ99Q61EVE68M"
      },
      {
        "id": "01KE7ZWFK35RFQ82V91AQ7DHG3",
        "kind": 1410115415,
        "data": [
          "data"
        ]
      }
    ]
[15:09:22.659] [32mINFO[39m (69399) <1410115415 (/Users/gabrielwillen/VSCode/proxyables/proxyables_typescript/src/exported.ts:222:11)>: [36mgetting value[39m
    module: "proxyable.exported"
    data: [
      "data"
    ]
[15:09:22.660] [32mINFO[39m (69399) <createValue (/Users/gabrielwillen/VSCode/proxyables/proxyables_typescript/src/exported.ts:154:9)>: [36mcreating unproxyable value[39m
    module: "proxyable.exported"
    value: "shared"
    kind: 398550328
    type: "string"
[15:09:22.660] [32mINFO[39m (69399) <Object.eval (/Users/gabrielwillen/VSCode/proxyables/proxyables_typescript/src/exported.ts:270:11)>: [36meval result[39m
    module: "proxyable.exported"
    result: {
      "id": "01KE7ZWFK4KY6ZA1734ZB06RKZ",
      "kind": 2246981567,
      "data": {
        "id": "01KE7ZWFK4TEX0DSSZBKDDARBH",
        "kind": 398550328,
        "data": "shared"
      }
    }
[15:09:22.660] [32mINFO[39m (69399) <Stream.<anonymous> (/Users/gabrielwillen/VSCode/proxyables/proxyables_typescript/src/exported.ts:57:11)>: [36mexecution result[39m
    module: "proxyable.exported"
    evalError: null
    evalResult: {
      "id": "01KE7ZWFK4KY6ZA1734ZB06RKZ",
      "kind": 2246981567,
      "data": {
        "id": "01KE7ZWFK4TEX0DSSZBKDDARBH",
        "kind": 398550328,
        "data": "shared"
      }
    }
[15:09:22.660] [32mINFO[39m (69399) <Stream.<anonymous> (/Users/gabrielwillen/VSCode/proxyables/proxyables_typescript/src/exported.ts:64:11)>: [36msending results[39m
    module: "proxyable.exported"
    results: {
      "id": "01KE7ZWFK4KY6ZA1734ZB06RKZ",
      "kind": 2246981567,
      "data": {
        "id": "01KE7ZWFK4TEX0DSSZBKDDARBH",
        "kind": 398550328,
        "data": "shared"
      }
    }
[15:09:22.660] [32mINFO[39m (69399) <Stream.<anonymous> (/Users/gabrielwillen/VSCode/proxyables/proxyables_typescript/src/imported.ts:111:11)>: [36mreceived 2246981567[39m
    module: "proxyable.imported"
    instruction: {
      "id": "01KE7ZWFK4KY6ZA1734ZB06RKZ",
      "kind": 2246981567,
      "data": {
        "id": "01KE7ZWFK4TEX0DSSZBKDDARBH",
        "kind": 398550328,
        "data": "shared"
      }
    }
 ❯ tests/ref_counting.test.ts (1 test | 1 failed) 23ms
   × reference counting > should deduplicate IDs and reference count 23ms
     → expected 3 to be 2 // Object.is equality

 Test Files  1 failed (1)
      Tests  1 failed (1)
   Start at  15:09:22
   Duration  410ms (transform 45ms, setup 0ms, collect 126ms, tests 23ms, environment 0ms, prepare 41ms)

